Archive member included to satisfy reference by file (symbol)

/home/jonas/Firmware/gcc-arm-none-eabi-5_3-2016q1/bin/../lib/gcc/arm-none-eabi/5.3.1/../../../../arm-none-eabi/lib/armv7e-m/libg.a(lib_a-exit.o)
                              /home/jonas/Firmware/gcc-arm-none-eabi-5_3-2016q1/bin/../lib/gcc/arm-none-eabi/5.3.1/../../../../arm-none-eabi/lib/armv7e-m/crt0.o (exit)
/home/jonas/Firmware/gcc-arm-none-eabi-5_3-2016q1/bin/../lib/gcc/arm-none-eabi/5.3.1/../../../../arm-none-eabi/lib/armv7e-m/libg.a(lib_a-impure.o)
                              /home/jonas/Firmware/gcc-arm-none-eabi-5_3-2016q1/bin/../lib/gcc/arm-none-eabi/5.3.1/../../../../arm-none-eabi/lib/armv7e-m/libg.a(lib_a-exit.o) (_global_impure_ptr)
/home/jonas/Firmware/gcc-arm-none-eabi-5_3-2016q1/bin/../lib/gcc/arm-none-eabi/5.3.1/../../../../arm-none-eabi/lib/armv7e-m/libg.a(lib_a-init.o)
                              /home/jonas/Firmware/gcc-arm-none-eabi-5_3-2016q1/bin/../lib/gcc/arm-none-eabi/5.3.1/../../../../arm-none-eabi/lib/armv7e-m/crt0.o (__libc_init_array)
/home/jonas/Firmware/gcc-arm-none-eabi-5_3-2016q1/bin/../lib/gcc/arm-none-eabi/5.3.1/../../../../arm-none-eabi/lib/armv7e-m/libg.a(lib_a-memset.o)
                              /home/jonas/Firmware/gcc-arm-none-eabi-5_3-2016q1/bin/../lib/gcc/arm-none-eabi/5.3.1/../../../../arm-none-eabi/lib/armv7e-m/crt0.o (memset)
/home/jonas/Firmware/gcc-arm-none-eabi-5_3-2016q1/bin/../lib/gcc/arm-none-eabi/5.3.1/../../../../arm-none-eabi/lib/armv7e-m/libg.a(lib_a-__call_atexit.o)
                              /home/jonas/Firmware/gcc-arm-none-eabi-5_3-2016q1/bin/../lib/gcc/arm-none-eabi/5.3.1/../../../../arm-none-eabi/lib/armv7e-m/libg.a(lib_a-exit.o) (__call_exitprocs)
/home/jonas/Firmware/gcc-arm-none-eabi-5_3-2016q1/bin/../lib/gcc/arm-none-eabi/5.3.1/../../../../arm-none-eabi/lib/armv7e-m/libg.a(lib_a-atexit.o)
                              /home/jonas/Firmware/gcc-arm-none-eabi-5_3-2016q1/bin/../lib/gcc/arm-none-eabi/5.3.1/../../../../arm-none-eabi/lib/armv7e-m/libg.a(lib_a-__call_atexit.o) (atexit)
/home/jonas/Firmware/gcc-arm-none-eabi-5_3-2016q1/bin/../lib/gcc/arm-none-eabi/5.3.1/../../../../arm-none-eabi/lib/armv7e-m/libg.a(lib_a-fini.o)
                              /home/jonas/Firmware/gcc-arm-none-eabi-5_3-2016q1/bin/../lib/gcc/arm-none-eabi/5.3.1/../../../../arm-none-eabi/lib/armv7e-m/libg.a(lib_a-__call_atexit.o) (__libc_fini_array)
/home/jonas/Firmware/gcc-arm-none-eabi-5_3-2016q1/bin/../lib/gcc/arm-none-eabi/5.3.1/../../../../arm-none-eabi/lib/armv7e-m/libg.a(lib_a-__atexit.o)
                              /home/jonas/Firmware/gcc-arm-none-eabi-5_3-2016q1/bin/../lib/gcc/arm-none-eabi/5.3.1/../../../../arm-none-eabi/lib/armv7e-m/libg.a(lib_a-atexit.o) (__register_exitproc)

Allocating common symbols
Common symbol       size              file

uwTick              0x4               lib/STM32F4xx_HAL_Driver/Src/stm32f4xx_hal.o (symbol from plugin)
gstr_irs            0x28              src/ft_send.o (symbol from plugin)
sConfig             0x1c              src/main.o (symbol from plugin)
gstr_tm             0x4               src/ft_manager.o (symbol from plugin)
TimHandle           0x3c              src/main.o (symbol from plugin)

Discarded input sections

 .text          0x00000000        0x0 /home/jonas/Firmware/gcc-arm-none-eabi-5_3-2016q1/bin/../lib/gcc/arm-none-eabi/5.3.1/armv7e-m/crti.o
 .data          0x00000000        0x0 /home/jonas/Firmware/gcc-arm-none-eabi-5_3-2016q1/bin/../lib/gcc/arm-none-eabi/5.3.1/armv7e-m/crti.o
 .bss           0x00000000        0x0 /home/jonas/Firmware/gcc-arm-none-eabi-5_3-2016q1/bin/../lib/gcc/arm-none-eabi/5.3.1/armv7e-m/crti.o
 .data          0x00000000        0x4 /home/jonas/Firmware/gcc-arm-none-eabi-5_3-2016q1/bin/../lib/gcc/arm-none-eabi/5.3.1/armv7e-m/crtbegin.o
 .text          0x00000000       0x74 /home/jonas/Firmware/gcc-arm-none-eabi-5_3-2016q1/bin/../lib/gcc/arm-none-eabi/5.3.1/../../../../arm-none-eabi/lib/armv7e-m/crt0.o
 .data          0x00000000        0x0 /home/jonas/Firmware/gcc-arm-none-eabi-5_3-2016q1/bin/../lib/gcc/arm-none-eabi/5.3.1/../../../../arm-none-eabi/lib/armv7e-m/crt0.o
 .bss           0x00000000        0x0 /home/jonas/Firmware/gcc-arm-none-eabi-5_3-2016q1/bin/../lib/gcc/arm-none-eabi/5.3.1/../../../../arm-none-eabi/lib/armv7e-m/crt0.o
 .ARM.extab     0x00000000        0x0 /home/jonas/Firmware/gcc-arm-none-eabi-5_3-2016q1/bin/../lib/gcc/arm-none-eabi/5.3.1/../../../../arm-none-eabi/lib/armv7e-m/crt0.o
 .ARM.exidx     0x00000000        0x8 /home/jonas/Firmware/gcc-arm-none-eabi-5_3-2016q1/bin/../lib/gcc/arm-none-eabi/5.3.1/../../../../arm-none-eabi/lib/armv7e-m/crt0.o
 .ARM.attributes
                0x00000000       0x1c /home/jonas/Firmware/gcc-arm-none-eabi-5_3-2016q1/bin/../lib/gcc/arm-none-eabi/5.3.1/../../../../arm-none-eabi/lib/armv7e-m/crt0.o
 .text          0x00000000       0x14 src/startup_stm32f411xe.o
 .data          0x00000000        0x0 src/startup_stm32f411xe.o
 .bss           0x00000000        0x0 src/startup_stm32f411xe.o
 .text          0x00000000        0x0 src/stm32f4xx_it.o (symbol from plugin)
 .text          0x00000000        0x0 src/system_stm32f4xx.o (symbol from plugin)
 .text          0x00000000        0x0 src/stm32f4xx_hal_msp.o (symbol from plugin)
 .text          0x00000000        0x0 lib/BSP/STM32F411E-Discovery/stm32f411e_discovery.o (symbol from plugin)
 .text          0x00000000        0x0 lib/STM32F4xx_HAL_Driver/Src/stm32f4xx_hal.o (symbol from plugin)
 .text          0x00000000        0x0 lib/STM32F4xx_HAL_Driver/Src/stm32f4xx_hal_rcc.o (symbol from plugin)
 .text          0x00000000        0x0 lib/STM32F4xx_HAL_Driver/Src/stm32f4xx_hal_gpio.o (symbol from plugin)
 .text          0x00000000        0x0 lib/STM32F4xx_HAL_Driver/Src/stm32f4xx_hal_uart.o (symbol from plugin)
 .text          0x00000000        0x0 lib/STM32F4xx_HAL_Driver/Src/stm32f4xx_hal_dma.o (symbol from plugin)
 .text          0x00000000        0x0 lib/STM32F4xx_HAL_Driver/Src/stm32f4xx_hal_tim.o (symbol from plugin)
 .text          0x00000000        0x0 lib/STM32F4xx_HAL_Driver/Src/stm32f4xx_hal_tim_ex.o (symbol from plugin)
 .text          0x00000000        0x0 lib/STM32F4xx_HAL_Driver/Src/stm32f4xx_hal_cortex.o (symbol from plugin)
 .text          0x00000000        0x0 src/main.o (symbol from plugin)
 .text          0x00000000        0x0 src/ft_send.o (symbol from plugin)
 .text          0x00000000        0x0 src/ft_manager.o (symbol from plugin)
 .text          0x00000000        0x0 /home/jonas/Firmware/gcc-arm-none-eabi-5_3-2016q1/bin/../lib/gcc/arm-none-eabi/5.3.1/../../../../arm-none-eabi/lib/armv7e-m/libg.a(lib_a-exit.o)
 .data          0x00000000        0x0 /home/jonas/Firmware/gcc-arm-none-eabi-5_3-2016q1/bin/../lib/gcc/arm-none-eabi/5.3.1/../../../../arm-none-eabi/lib/armv7e-m/libg.a(lib_a-exit.o)
 .bss           0x00000000        0x0 /home/jonas/Firmware/gcc-arm-none-eabi-5_3-2016q1/bin/../lib/gcc/arm-none-eabi/5.3.1/../../../../arm-none-eabi/lib/armv7e-m/libg.a(lib_a-exit.o)
 .text.exit     0x00000000       0x20 /home/jonas/Firmware/gcc-arm-none-eabi-5_3-2016q1/bin/../lib/gcc/arm-none-eabi/5.3.1/../../../../arm-none-eabi/lib/armv7e-m/libg.a(lib_a-exit.o)
 .debug_frame   0x00000000       0x28 /home/jonas/Firmware/gcc-arm-none-eabi-5_3-2016q1/bin/../lib/gcc/arm-none-eabi/5.3.1/../../../../arm-none-eabi/lib/armv7e-m/libg.a(lib_a-exit.o)
 .ARM.attributes
                0x00000000       0x2e /home/jonas/Firmware/gcc-arm-none-eabi-5_3-2016q1/bin/../lib/gcc/arm-none-eabi/5.3.1/../../../../arm-none-eabi/lib/armv7e-m/libg.a(lib_a-exit.o)
 .text          0x00000000        0x0 /home/jonas/Firmware/gcc-arm-none-eabi-5_3-2016q1/bin/../lib/gcc/arm-none-eabi/5.3.1/../../../../arm-none-eabi/lib/armv7e-m/libg.a(lib_a-impure.o)
 .data          0x00000000        0x0 /home/jonas/Firmware/gcc-arm-none-eabi-5_3-2016q1/bin/../lib/gcc/arm-none-eabi/5.3.1/../../../../arm-none-eabi/lib/armv7e-m/libg.a(lib_a-impure.o)
 .bss           0x00000000        0x0 /home/jonas/Firmware/gcc-arm-none-eabi-5_3-2016q1/bin/../lib/gcc/arm-none-eabi/5.3.1/../../../../arm-none-eabi/lib/armv7e-m/libg.a(lib_a-impure.o)
 .data._impure_ptr
                0x00000000        0x4 /home/jonas/Firmware/gcc-arm-none-eabi-5_3-2016q1/bin/../lib/gcc/arm-none-eabi/5.3.1/../../../../arm-none-eabi/lib/armv7e-m/libg.a(lib_a-impure.o)
 .text          0x00000000        0x0 /home/jonas/Firmware/gcc-arm-none-eabi-5_3-2016q1/bin/../lib/gcc/arm-none-eabi/5.3.1/../../../../arm-none-eabi/lib/armv7e-m/libg.a(lib_a-init.o)
 .data          0x00000000        0x0 /home/jonas/Firmware/gcc-arm-none-eabi-5_3-2016q1/bin/../lib/gcc/arm-none-eabi/5.3.1/../../../../arm-none-eabi/lib/armv7e-m/libg.a(lib_a-init.o)
 .bss           0x00000000        0x0 /home/jonas/Firmware/gcc-arm-none-eabi-5_3-2016q1/bin/../lib/gcc/arm-none-eabi/5.3.1/../../../../arm-none-eabi/lib/armv7e-m/libg.a(lib_a-init.o)
 .text          0x00000000        0x0 /home/jonas/Firmware/gcc-arm-none-eabi-5_3-2016q1/bin/../lib/gcc/arm-none-eabi/5.3.1/../../../../arm-none-eabi/lib/armv7e-m/libg.a(lib_a-memset.o)
 .data          0x00000000        0x0 /home/jonas/Firmware/gcc-arm-none-eabi-5_3-2016q1/bin/../lib/gcc/arm-none-eabi/5.3.1/../../../../arm-none-eabi/lib/armv7e-m/libg.a(lib_a-memset.o)
 .bss           0x00000000        0x0 /home/jonas/Firmware/gcc-arm-none-eabi-5_3-2016q1/bin/../lib/gcc/arm-none-eabi/5.3.1/../../../../arm-none-eabi/lib/armv7e-m/libg.a(lib_a-memset.o)
 .text          0x00000000        0x0 /home/jonas/Firmware/gcc-arm-none-eabi-5_3-2016q1/bin/../lib/gcc/arm-none-eabi/5.3.1/../../../../arm-none-eabi/lib/armv7e-m/libg.a(lib_a-__call_atexit.o)
 .data          0x00000000        0x0 /home/jonas/Firmware/gcc-arm-none-eabi-5_3-2016q1/bin/../lib/gcc/arm-none-eabi/5.3.1/../../../../arm-none-eabi/lib/armv7e-m/libg.a(lib_a-__call_atexit.o)
 .bss           0x00000000        0x0 /home/jonas/Firmware/gcc-arm-none-eabi-5_3-2016q1/bin/../lib/gcc/arm-none-eabi/5.3.1/../../../../arm-none-eabi/lib/armv7e-m/libg.a(lib_a-__call_atexit.o)
 .text.__call_exitprocs
                0x00000000       0xd8 /home/jonas/Firmware/gcc-arm-none-eabi-5_3-2016q1/bin/../lib/gcc/arm-none-eabi/5.3.1/../../../../arm-none-eabi/lib/armv7e-m/libg.a(lib_a-__call_atexit.o)
 .text          0x00000000        0x0 /home/jonas/Firmware/gcc-arm-none-eabi-5_3-2016q1/bin/../lib/gcc/arm-none-eabi/5.3.1/../../../../arm-none-eabi/lib/armv7e-m/libg.a(lib_a-atexit.o)
 .data          0x00000000        0x0 /home/jonas/Firmware/gcc-arm-none-eabi-5_3-2016q1/bin/../lib/gcc/arm-none-eabi/5.3.1/../../../../arm-none-eabi/lib/armv7e-m/libg.a(lib_a-atexit.o)
 .bss           0x00000000        0x0 /home/jonas/Firmware/gcc-arm-none-eabi-5_3-2016q1/bin/../lib/gcc/arm-none-eabi/5.3.1/../../../../arm-none-eabi/lib/armv7e-m/libg.a(lib_a-atexit.o)
 .text          0x00000000        0x0 /home/jonas/Firmware/gcc-arm-none-eabi-5_3-2016q1/bin/../lib/gcc/arm-none-eabi/5.3.1/../../../../arm-none-eabi/lib/armv7e-m/libg.a(lib_a-fini.o)
 .data          0x00000000        0x0 /home/jonas/Firmware/gcc-arm-none-eabi-5_3-2016q1/bin/../lib/gcc/arm-none-eabi/5.3.1/../../../../arm-none-eabi/lib/armv7e-m/libg.a(lib_a-fini.o)
 .bss           0x00000000        0x0 /home/jonas/Firmware/gcc-arm-none-eabi-5_3-2016q1/bin/../lib/gcc/arm-none-eabi/5.3.1/../../../../arm-none-eabi/lib/armv7e-m/libg.a(lib_a-fini.o)
 .text          0x00000000        0x0 /home/jonas/Firmware/gcc-arm-none-eabi-5_3-2016q1/bin/../lib/gcc/arm-none-eabi/5.3.1/../../../../arm-none-eabi/lib/armv7e-m/libg.a(lib_a-__atexit.o)
 .data          0x00000000        0x0 /home/jonas/Firmware/gcc-arm-none-eabi-5_3-2016q1/bin/../lib/gcc/arm-none-eabi/5.3.1/../../../../arm-none-eabi/lib/armv7e-m/libg.a(lib_a-__atexit.o)
 .bss           0x00000000        0x0 /home/jonas/Firmware/gcc-arm-none-eabi-5_3-2016q1/bin/../lib/gcc/arm-none-eabi/5.3.1/../../../../arm-none-eabi/lib/armv7e-m/libg.a(lib_a-__atexit.o)
 .text          0x00000000        0x0 /home/jonas/Firmware/gcc-arm-none-eabi-5_3-2016q1/bin/../lib/gcc/arm-none-eabi/5.3.1/armv7e-m/crtend.o
 .data          0x00000000        0x0 /home/jonas/Firmware/gcc-arm-none-eabi-5_3-2016q1/bin/../lib/gcc/arm-none-eabi/5.3.1/armv7e-m/crtend.o
 .bss           0x00000000        0x0 /home/jonas/Firmware/gcc-arm-none-eabi-5_3-2016q1/bin/../lib/gcc/arm-none-eabi/5.3.1/armv7e-m/crtend.o
 .eh_frame      0x00000000        0x4 /home/jonas/Firmware/gcc-arm-none-eabi-5_3-2016q1/bin/../lib/gcc/arm-none-eabi/5.3.1/armv7e-m/crtend.o
 .jcr           0x00000000        0x4 /home/jonas/Firmware/gcc-arm-none-eabi-5_3-2016q1/bin/../lib/gcc/arm-none-eabi/5.3.1/armv7e-m/crtend.o
 .ARM.attributes
                0x00000000       0x2e /home/jonas/Firmware/gcc-arm-none-eabi-5_3-2016q1/bin/../lib/gcc/arm-none-eabi/5.3.1/armv7e-m/crtend.o
 .text          0x00000000        0x0 /home/jonas/Firmware/gcc-arm-none-eabi-5_3-2016q1/bin/../lib/gcc/arm-none-eabi/5.3.1/armv7e-m/crtn.o
 .data          0x00000000        0x0 /home/jonas/Firmware/gcc-arm-none-eabi-5_3-2016q1/bin/../lib/gcc/arm-none-eabi/5.3.1/armv7e-m/crtn.o
 .bss           0x00000000        0x0 /home/jonas/Firmware/gcc-arm-none-eabi-5_3-2016q1/bin/../lib/gcc/arm-none-eabi/5.3.1/armv7e-m/crtn.o

Memory Configuration

Name             Origin             Length             Attributes
FLASH            0x08000000         0x00080000         xr
RAM              0x20000000         0x00020000         xrw
*default*        0x00000000         0xffffffff

Linker script and memory map

LOAD /home/jonas/Firmware/gcc-arm-none-eabi-5_3-2016q1/bin/../lib/gcc/arm-none-eabi/5.3.1/armv7e-m/crti.o
LOAD /home/jonas/Firmware/gcc-arm-none-eabi-5_3-2016q1/bin/../lib/gcc/arm-none-eabi/5.3.1/armv7e-m/crtbegin.o
LOAD /home/jonas/Firmware/gcc-arm-none-eabi-5_3-2016q1/bin/../lib/gcc/arm-none-eabi/5.3.1/../../../../arm-none-eabi/lib/armv7e-m/crt0.o
LOAD src/startup_stm32f411xe.o
LOAD src/stm32f4xx_it.o
LOAD /tmp/ccgvEBVC.ltrans0.ltrans.o
LOAD src/system_stm32f4xx.o
LOAD src/stm32f4xx_hal_msp.o
LOAD lib/BSP/STM32F411E-Discovery/stm32f411e_discovery.o
LOAD lib/STM32F4xx_HAL_Driver/Src/stm32f4xx_hal.o
LOAD lib/STM32F4xx_HAL_Driver/Src/stm32f4xx_hal_rcc.o
LOAD lib/STM32F4xx_HAL_Driver/Src/stm32f4xx_hal_gpio.o
LOAD lib/STM32F4xx_HAL_Driver/Src/stm32f4xx_hal_uart.o
LOAD lib/STM32F4xx_HAL_Driver/Src/stm32f4xx_hal_dma.o
LOAD lib/STM32F4xx_HAL_Driver/Src/stm32f4xx_hal_tim.o
LOAD lib/STM32F4xx_HAL_Driver/Src/stm32f4xx_hal_tim_ex.o
LOAD lib/STM32F4xx_HAL_Driver/Src/stm32f4xx_hal_cortex.o
LOAD src/main.o
LOAD src/ft_send.o
LOAD src/ft_manager.o
START GROUP
LOAD /home/jonas/Firmware/gcc-arm-none-eabi-5_3-2016q1/bin/../lib/gcc/arm-none-eabi/5.3.1/armv7e-m/libgcc.a
LOAD /home/jonas/Firmware/gcc-arm-none-eabi-5_3-2016q1/bin/../lib/gcc/arm-none-eabi/5.3.1/../../../../arm-none-eabi/lib/armv7e-m/libg.a
LOAD /home/jonas/Firmware/gcc-arm-none-eabi-5_3-2016q1/bin/../lib/gcc/arm-none-eabi/5.3.1/../../../../arm-none-eabi/lib/armv7e-m/libc.a
END GROUP
LOAD /home/jonas/Firmware/gcc-arm-none-eabi-5_3-2016q1/bin/../lib/gcc/arm-none-eabi/5.3.1/armv7e-m/crtend.o
LOAD /home/jonas/Firmware/gcc-arm-none-eabi-5_3-2016q1/bin/../lib/gcc/arm-none-eabi/5.3.1/armv7e-m/crtn.o
                0x20020000                _estack = 0x20020000
                0x00000200                _Min_Heap_Size = 0x200
                0x00000400                _Min_Stack_Size = 0x400

.isr_vector     0x08000000      0x198
                0x08000000                . = ALIGN (0x4)
 *(.isr_vector)
 .isr_vector    0x08000000      0x198 src/startup_stm32f411xe.o
                0x08000000                g_pfnVectors
                0x08000198                . = ALIGN (0x4)

.text           0x08000198      0x9d4
                0x08000198                . = ALIGN (0x4)
 *(.text)
 .text          0x08000198       0x5c /home/jonas/Firmware/gcc-arm-none-eabi-5_3-2016q1/bin/../lib/gcc/arm-none-eabi/5.3.1/armv7e-m/crtbegin.o
 .text          0x080001f4      0x340 /tmp/ccgvEBVC.ltrans0.ltrans.o
                0x08000394                SystemInit
                0x080003d4                TIM3_IRQHandler
                0x08000514                SysTick_Handler
                0x08000524                PendSV_Handler
                0x08000526                NMI_Handler
                0x08000528                DebugMon_Handler
                0x0800052a                SVC_Handler
                0x0800052c                UsageFault_Handler
                0x0800052e                BusFault_Handler
                0x08000530                MemManage_Handler
                0x08000532                HardFault_Handler
 *(.text*)
 .text.Reset_Handler
                0x08000534       0x50 src/startup_stm32f411xe.o
                0x08000534                Reset_Handler
 .text.Default_Handler
                0x08000584        0x2 src/startup_stm32f411xe.o
                0x08000584                RTC_Alarm_IRQHandler
                0x08000584                EXTI2_IRQHandler
                0x08000584                SPI4_IRQHandler
                0x08000584                TIM1_CC_IRQHandler
                0x08000584                DMA2_Stream5_IRQHandler
                0x08000584                DMA1_Stream5_IRQHandler
                0x08000584                PVD_IRQHandler
                0x08000584                SDIO_IRQHandler
                0x08000584                TAMP_STAMP_IRQHandler
                0x08000584                EXTI3_IRQHandler
                0x08000584                TIM1_UP_TIM10_IRQHandler
                0x08000584                I2C3_ER_IRQHandler
                0x08000584                EXTI0_IRQHandler
                0x08000584                I2C2_EV_IRQHandler
                0x08000584                DMA1_Stream2_IRQHandler
                0x08000584                FPU_IRQHandler
                0x08000584                DMA2_Stream2_IRQHandler
                0x08000584                SPI1_IRQHandler
                0x08000584                TIM1_BRK_TIM9_IRQHandler
                0x08000584                DMA2_Stream3_IRQHandler
                0x08000584                USART6_IRQHandler
                0x08000584                DMA2_Stream0_IRQHandler
                0x08000584                TIM4_IRQHandler
                0x08000584                I2C1_EV_IRQHandler
                0x08000584                DMA1_Stream6_IRQHandler
                0x08000584                DMA1_Stream1_IRQHandler
                0x08000584                RCC_IRQHandler
                0x08000584                Default_Handler
                0x08000584                EXTI15_10_IRQHandler
                0x08000584                ADC_IRQHandler
                0x08000584                DMA1_Stream7_IRQHandler
                0x08000584                SPI5_IRQHandler
                0x08000584                TIM5_IRQHandler
                0x08000584                DMA2_Stream7_IRQHandler
                0x08000584                I2C3_EV_IRQHandler
                0x08000584                EXTI9_5_IRQHandler
                0x08000584                RTC_WKUP_IRQHandler
                0x08000584                SPI2_IRQHandler
                0x08000584                DMA1_Stream0_IRQHandler
                0x08000584                EXTI4_IRQHandler
                0x08000584                WWDG_IRQHandler
                0x08000584                TIM2_IRQHandler
                0x08000584                OTG_FS_WKUP_IRQHandler
                0x08000584                TIM1_TRG_COM_TIM11_IRQHandler
                0x08000584                EXTI1_IRQHandler
                0x08000584                USART2_IRQHandler
                0x08000584                I2C2_ER_IRQHandler
                0x08000584                DMA2_Stream1_IRQHandler
                0x08000584                FLASH_IRQHandler
                0x08000584                DMA2_Stream4_IRQHandler
                0x08000584                USART1_IRQHandler
                0x08000584                OTG_FS_IRQHandler
                0x08000584                SPI3_IRQHandler
                0x08000584                DMA1_Stream4_IRQHandler
                0x08000584                I2C1_ER_IRQHandler
                0x08000584                DMA2_Stream6_IRQHandler
                0x08000584                DMA1_Stream3_IRQHandler
 *fill*         0x08000586        0x2 
 .text.startup  0x08000588      0x3f4 /tmp/ccgvEBVC.ltrans0.ltrans.o
                0x08000588                main
 .text.__libc_init_array
                0x0800097c       0x50 /home/jonas/Firmware/gcc-arm-none-eabi-5_3-2016q1/bin/../lib/gcc/arm-none-eabi/5.3.1/../../../../arm-none-eabi/lib/armv7e-m/libg.a(lib_a-init.o)
                0x0800097c                __libc_init_array
 .text.memset   0x080009cc       0x9c /home/jonas/Firmware/gcc-arm-none-eabi-5_3-2016q1/bin/../lib/gcc/arm-none-eabi/5.3.1/../../../../arm-none-eabi/lib/armv7e-m/libg.a(lib_a-memset.o)
                0x080009cc                memset
 .text.startup.register_fini
                0x08000a68       0x14 /home/jonas/Firmware/gcc-arm-none-eabi-5_3-2016q1/bin/../lib/gcc/arm-none-eabi/5.3.1/../../../../arm-none-eabi/lib/armv7e-m/libg.a(lib_a-__call_atexit.o)
 .text.atexit   0x08000a7c        0xc /home/jonas/Firmware/gcc-arm-none-eabi-5_3-2016q1/bin/../lib/gcc/arm-none-eabi/5.3.1/../../../../arm-none-eabi/lib/armv7e-m/libg.a(lib_a-atexit.o)
                0x08000a7c                atexit
 .text.__libc_fini_array
                0x08000a88       0x28 /home/jonas/Firmware/gcc-arm-none-eabi-5_3-2016q1/bin/../lib/gcc/arm-none-eabi/5.3.1/../../../../arm-none-eabi/lib/armv7e-m/libg.a(lib_a-fini.o)
                0x08000a88                __libc_fini_array
 .text.__register_exitproc
                0x08000ab0       0xa4 /home/jonas/Firmware/gcc-arm-none-eabi-5_3-2016q1/bin/../lib/gcc/arm-none-eabi/5.3.1/../../../../arm-none-eabi/lib/armv7e-m/libg.a(lib_a-__atexit.o)
                0x08000ab0                __register_exitproc
 *(.glue_7)
 .glue_7        0x08000b54        0x0 linker stubs
 *(.glue_7t)
 .glue_7t       0x08000b54        0x0 linker stubs
 *(.eh_frame)
 .eh_frame      0x08000b54        0x0 /home/jonas/Firmware/gcc-arm-none-eabi-5_3-2016q1/bin/../lib/gcc/arm-none-eabi/5.3.1/armv7e-m/crtbegin.o
 *(.init)
 .init          0x08000b54        0x4 /home/jonas/Firmware/gcc-arm-none-eabi-5_3-2016q1/bin/../lib/gcc/arm-none-eabi/5.3.1/armv7e-m/crti.o
                0x08000b54                _init
 .init          0x08000b58        0x8 /home/jonas/Firmware/gcc-arm-none-eabi-5_3-2016q1/bin/../lib/gcc/arm-none-eabi/5.3.1/armv7e-m/crtn.o
 *(.fini)
 .fini          0x08000b60        0x4 /home/jonas/Firmware/gcc-arm-none-eabi-5_3-2016q1/bin/../lib/gcc/arm-none-eabi/5.3.1/armv7e-m/crti.o
                0x08000b60                _fini
 .fini          0x08000b64        0x8 /home/jonas/Firmware/gcc-arm-none-eabi-5_3-2016q1/bin/../lib/gcc/arm-none-eabi/5.3.1/armv7e-m/crtn.o
                0x08000b6c                . = ALIGN (0x4)
                0x08000b6c                _etext = .

.vfp11_veneer   0x08000b6c        0x0
 .vfp11_veneer  0x08000b6c        0x0 linker stubs

.v4_bx          0x08000b6c        0x0
 .v4_bx         0x08000b6c        0x0 linker stubs

.iplt           0x08000b6c        0x0
 .iplt          0x08000b6c        0x0 /home/jonas/Firmware/gcc-arm-none-eabi-5_3-2016q1/bin/../lib/gcc/arm-none-eabi/5.3.1/armv7e-m/crtbegin.o

.rodata         0x08000b6c       0x30
                0x08000b6c                . = ALIGN (0x4)
 *(.rodata)
 .rodata        0x08000b6c       0x28 /tmp/ccgvEBVC.ltrans0.ltrans.o
 *(.rodata*)
 .rodata.str1.4
                0x08000b94        0x4 /home/jonas/Firmware/gcc-arm-none-eabi-5_3-2016q1/bin/../lib/gcc/arm-none-eabi/5.3.1/../../../../arm-none-eabi/lib/armv7e-m/libg.a(lib_a-impure.o)
                                  0x2 (size before relaxing)
 .rodata._global_impure_ptr
                0x08000b98        0x4 /home/jonas/Firmware/gcc-arm-none-eabi-5_3-2016q1/bin/../lib/gcc/arm-none-eabi/5.3.1/../../../../arm-none-eabi/lib/armv7e-m/libg.a(lib_a-impure.o)
                0x08000b98                _global_impure_ptr
                0x08000b9c                . = ALIGN (0x4)

.rel.dyn        0x08000b9c        0x0
 .rel.iplt      0x08000b9c        0x0 /home/jonas/Firmware/gcc-arm-none-eabi-5_3-2016q1/bin/../lib/gcc/arm-none-eabi/5.3.1/armv7e-m/crtbegin.o

.ARM.extab
 *(.ARM.extab* .gnu.linkonce.armextab.*)

.ARM            0x08000b9c        0x0
                0x08000b9c                __exidx_start = .
 *(.ARM.exidx*)
                0x08000b9c                __exidx_end = .

.preinit_array  0x08000b9c        0x0
                0x08000b9c                PROVIDE (__preinit_array_start, .)
 *(.preinit_array*)
                0x08000b9c                PROVIDE (__preinit_array_end, .)

.init_array     0x08000b9c        0x8
                0x08000b9c                PROVIDE (__init_array_start, .)
 *(SORT(.init_array.*))
 .init_array.00000
                0x08000b9c        0x4 /home/jonas/Firmware/gcc-arm-none-eabi-5_3-2016q1/bin/../lib/gcc/arm-none-eabi/5.3.1/../../../../arm-none-eabi/lib/armv7e-m/libg.a(lib_a-__call_atexit.o)
 *(.init_array*)
 .init_array    0x08000ba0        0x4 /home/jonas/Firmware/gcc-arm-none-eabi-5_3-2016q1/bin/../lib/gcc/arm-none-eabi/5.3.1/armv7e-m/crtbegin.o
                0x08000ba4                PROVIDE (__init_array_end, .)

.fini_array     0x08000ba4        0x4
                0x08000ba4                PROVIDE (__fini_array_start, .)
 *(SORT(.fini_array.*))
 *(.fini_array*)
 .fini_array    0x08000ba4        0x4 /home/jonas/Firmware/gcc-arm-none-eabi-5_3-2016q1/bin/../lib/gcc/arm-none-eabi/5.3.1/armv7e-m/crtbegin.o
                0x08000ba8                PROVIDE (__fini_array_end, .)
                0x08000ba8                _sidata = LOADADDR (.data)

.data           0x20000000      0x430 load address 0x08000ba8
                0x20000000                . = ALIGN (0x4)
                0x20000000                _sdata = .
 *(.data)
 .data          0x20000000        0x4 /tmp/ccgvEBVC.ltrans0.ltrans.o
 *(.data*)
 *fill*         0x20000004        0x4 
 .data.impure_data
                0x20000008      0x428 /home/jonas/Firmware/gcc-arm-none-eabi-5_3-2016q1/bin/../lib/gcc/arm-none-eabi/5.3.1/../../../../arm-none-eabi/lib/armv7e-m/libg.a(lib_a-impure.o)
                0x20000430                . = ALIGN (0x4)
                0x20000430                _edata = .

.jcr            0x20000430        0x0 load address 0x08000fd8
 .jcr           0x20000430        0x0 /home/jonas/Firmware/gcc-arm-none-eabi-5_3-2016q1/bin/../lib/gcc/arm-none-eabi/5.3.1/armv7e-m/crtbegin.o

.igot.plt       0x20000430        0x0 load address 0x08000fd8
 .igot.plt      0x20000430        0x0 /home/jonas/Firmware/gcc-arm-none-eabi-5_3-2016q1/bin/../lib/gcc/arm-none-eabi/5.3.1/armv7e-m/crtbegin.o
                0x20000430                . = ALIGN (0x4)

.bss            0x20000430       0x8c load address 0x08000fd8
                0x20000430                _sbss = .
                0x20000430                __bss_start__ = _sbss
 *(.bss)
 .bss           0x20000430       0x1c /home/jonas/Firmware/gcc-arm-none-eabi-5_3-2016q1/bin/../lib/gcc/arm-none-eabi/5.3.1/armv7e-m/crtbegin.o
 .bss           0x2000044c       0x6d /tmp/ccgvEBVC.ltrans0.ltrans.o
 *(.bss*)
 *(COMMON)
                0x200004bc                . = ALIGN (0x4)
 *fill*         0x200004b9        0x3 
                0x200004bc                _ebss = .
                0x200004bc                __bss_end__ = _ebss

._user_heap_stack
                0x200004bc      0x604 load address 0x08000fd8
                0x200004c0                . = ALIGN (0x8)
 *fill*         0x200004bc        0x4 
                [!provide]                PROVIDE (end, .)
                [!provide]                PROVIDE (_end, .)
                0x200006c0                . = (. + _Min_Heap_Size)
 *fill*         0x200004c0      0x200 
                0x20000ac0                . = (. + _Min_Stack_Size)
 *fill*         0x200006c0      0x400 
                0x20000ac0                . = ALIGN (0x8)

/DISCARD/
 libc.a(*)
 libm.a(*)
 libgcc.a(*)

.ARM.attributes
                0x00000000       0x2a
 *(.ARM.attributes)
 .ARM.attributes
                0x00000000       0x1e /home/jonas/Firmware/gcc-arm-none-eabi-5_3-2016q1/bin/../lib/gcc/arm-none-eabi/5.3.1/armv7e-m/crti.o
 .ARM.attributes
                0x0000001e       0x2e /home/jonas/Firmware/gcc-arm-none-eabi-5_3-2016q1/bin/../lib/gcc/arm-none-eabi/5.3.1/armv7e-m/crtbegin.o
 .ARM.attributes
                0x0000004c       0x21 src/startup_stm32f411xe.o
 .ARM.attributes
                0x0000006d       0x31 /tmp/ccgvEBVC.ltrans0.ltrans.o
 .ARM.attributes
                0x0000009e       0x2e /home/jonas/Firmware/gcc-arm-none-eabi-5_3-2016q1/bin/../lib/gcc/arm-none-eabi/5.3.1/../../../../arm-none-eabi/lib/armv7e-m/libg.a(lib_a-impure.o)
 .ARM.attributes
                0x000000cc       0x2e /home/jonas/Firmware/gcc-arm-none-eabi-5_3-2016q1/bin/../lib/gcc/arm-none-eabi/5.3.1/../../../../arm-none-eabi/lib/armv7e-m/libg.a(lib_a-init.o)
 .ARM.attributes
                0x000000fa       0x2e /home/jonas/Firmware/gcc-arm-none-eabi-5_3-2016q1/bin/../lib/gcc/arm-none-eabi/5.3.1/../../../../arm-none-eabi/lib/armv7e-m/libg.a(lib_a-memset.o)
 .ARM.attributes
                0x00000128       0x2e /home/jonas/Firmware/gcc-arm-none-eabi-5_3-2016q1/bin/../lib/gcc/arm-none-eabi/5.3.1/../../../../arm-none-eabi/lib/armv7e-m/libg.a(lib_a-__call_atexit.o)
 .ARM.attributes
                0x00000156       0x2e /home/jonas/Firmware/gcc-arm-none-eabi-5_3-2016q1/bin/../lib/gcc/arm-none-eabi/5.3.1/../../../../arm-none-eabi/lib/armv7e-m/libg.a(lib_a-atexit.o)
 .ARM.attributes
                0x00000184       0x2e /home/jonas/Firmware/gcc-arm-none-eabi-5_3-2016q1/bin/../lib/gcc/arm-none-eabi/5.3.1/../../../../arm-none-eabi/lib/armv7e-m/libg.a(lib_a-fini.o)
 .ARM.attributes
                0x000001b2       0x2e /home/jonas/Firmware/gcc-arm-none-eabi-5_3-2016q1/bin/../lib/gcc/arm-none-eabi/5.3.1/../../../../arm-none-eabi/lib/armv7e-m/libg.a(lib_a-__atexit.o)
 .ARM.attributes
                0x000001e0       0x1e /home/jonas/Firmware/gcc-arm-none-eabi-5_3-2016q1/bin/../lib/gcc/arm-none-eabi/5.3.1/armv7e-m/crtn.o
OUTPUT(bin/facker.elf elf32-littlearm)

.debug_line     0x00000000      0x703
 .debug_line    0x00000000       0x78 src/startup_stm32f411xe.o
 .debug_line    0x00000078      0x68b /tmp/ccgvEBVC.ltrans0.ltrans.o

.debug_info     0x00000000     0x19d3
 .debug_info    0x00000000       0x71 src/startup_stm32f411xe.o
 .debug_info    0x00000071     0x1962 /tmp/ccgvEBVC.ltrans0.ltrans.o

.debug_abbrev   0x00000000      0x49b
 .debug_abbrev  0x00000000       0x12 src/startup_stm32f411xe.o
 .debug_abbrev  0x00000012      0x489 /tmp/ccgvEBVC.ltrans0.ltrans.o

.debug_aranges  0x00000000       0x50
 .debug_aranges
                0x00000000       0x28 src/startup_stm32f411xe.o
 .debug_aranges
                0x00000028       0x28 /tmp/ccgvEBVC.ltrans0.ltrans.o

.debug_ranges   0x00000000      0x208
 .debug_ranges  0x00000000       0x20 src/startup_stm32f411xe.o
 .debug_ranges  0x00000020      0x1e8 /tmp/ccgvEBVC.ltrans0.ltrans.o

.debug_loc      0x00000000      0x6fd
 .debug_loc     0x00000000      0x6fd /tmp/ccgvEBVC.ltrans0.ltrans.o

.debug_str      0x00000000      0xfa9
 .debug_str     0x00000000      0xfa9 /tmp/ccgvEBVC.ltrans0.ltrans.o
                               0x1071 (size before relaxing)

.comment        0x00000000       0x6e
 .comment       0x00000000       0x6e /tmp/ccgvEBVC.ltrans0.ltrans.o
                                 0x6f (size before relaxing)

.debug_frame    0x00000000      0x290
 .debug_frame   0x00000000      0x158 /tmp/ccgvEBVC.ltrans0.ltrans.o
 .debug_frame   0x00000158       0x2c /home/jonas/Firmware/gcc-arm-none-eabi-5_3-2016q1/bin/../lib/gcc/arm-none-eabi/5.3.1/../../../../arm-none-eabi/lib/armv7e-m/libg.a(lib_a-init.o)
 .debug_frame   0x00000184       0x34 /home/jonas/Firmware/gcc-arm-none-eabi-5_3-2016q1/bin/../lib/gcc/arm-none-eabi/5.3.1/../../../../arm-none-eabi/lib/armv7e-m/libg.a(lib_a-memset.o)
 .debug_frame   0x000001b8       0x50 /home/jonas/Firmware/gcc-arm-none-eabi-5_3-2016q1/bin/../lib/gcc/arm-none-eabi/5.3.1/../../../../arm-none-eabi/lib/armv7e-m/libg.a(lib_a-__call_atexit.o)
 .debug_frame   0x00000208       0x20 /home/jonas/Firmware/gcc-arm-none-eabi-5_3-2016q1/bin/../lib/gcc/arm-none-eabi/5.3.1/../../../../arm-none-eabi/lib/armv7e-m/libg.a(lib_a-atexit.o)
 .debug_frame   0x00000228       0x34 /home/jonas/Firmware/gcc-arm-none-eabi-5_3-2016q1/bin/../lib/gcc/arm-none-eabi/5.3.1/../../../../arm-none-eabi/lib/armv7e-m/libg.a(lib_a-fini.o)
 .debug_frame   0x0000025c       0x34 /home/jonas/Firmware/gcc-arm-none-eabi-5_3-2016q1/bin/../lib/gcc/arm-none-eabi/5.3.1/../../../../arm-none-eabi/lib/armv7e-m/libg.a(lib_a-__atexit.o)
